src/agents/publish.ts(20,31): error TS2339: Property 'youtube' does not exist on type '{ news: { query_buckets: Record<string, string>; fetch_count: number; final_count: number; cooldown_hours: number; count: number; recent_topics_runs: number; recent_topics_max_chars: number; recent_topics_min_token_length: number; recent_topics_stopwords: string[]; }; ... 5 more ...; thumbnail: { ...; }; }'.
src/agents/publish.ts(21,31): error TS2339: Property 'twitter' does not exist on type '{ news: { query_buckets: Record<string, string>; fetch_count: number; final_count: number; cooldown_hours: number; count: number; recent_topics_runs: number; recent_topics_max_chars: number; recent_topics_min_token_length: number; recent_topics_stopwords: string[]; }; ... 5 more ...; thumbnail: { ...; }; }'.
src/agents/publish.ts(28,41): error TS2339: Property 'youtube' does not exist on type '{ news: { query_buckets: Record<string, string>; fetch_count: number; final_count: number; cooldown_hours: number; count: number; recent_topics_runs: number; recent_topics_max_chars: number; recent_topics_min_token_length: number; recent_topics_stopwords: string[]; }; ... 5 more ...; thumbnail: { ...; }; }'.
src/agents/publish.ts(56,41): error TS2339: Property 'twitter' does not exist on type '{ news: { query_buckets: Record<string, string>; fetch_count: number; final_count: number; cooldown_hours: number; count: number; recent_topics_runs: number; recent_topics_max_chars: number; recent_topics_min_token_length: number; recent_topics_stopwords: string[]; }; ... 5 more ...; thumbnail: { ...; }; }'.
src/agents/research.ts(20,219): error TS7011: Function expression, which lacks return-type annotation, implicitly has an 'any[]' return type.
src/layout_engine.ts(38,57): error TS2339: Property 'resolution' does not exist on type '{ enabled: boolean; width: number; height: number; background_color: string; title_color: string; subtitle_color: string; show_subtitle: boolean; padding: number; max_lines: number; max_chars_per_line: number; ... 9 more ...; overlays: unknown[]; }'.
src/layout_engine.ts(43,39): error TS2345: Argument of type 'unknown[]' is not assignable to parameter of type 'OverlayConfig[]'.
  Type '{}' is missing the following properties from type 'OverlayConfig': type, enabled, image_path
src/layout_engine.ts(47,39): error TS2345: Argument of type 'unknown[]' is not assignable to parameter of type 'OverlayConfig[]'.
  Type '{}' is missing the following properties from type 'OverlayConfig': type, enabled, image_path
src/layout_engine.ts(167,211): error TS2339: Property 'shadow' does not exist on type '{ font_path?: string; font_name?: string; font_size?: number; primary_colour?: string; outline_colour?: string; outline?: number; alignment?: number; margin_l?: number; margin_r?: number; margin_v?: number; min_font_size?: number; safe_area_min_width_percent?: number; overlay_padding?: number; }'.
